// Jest Snapshot v1, https://goo.gl/fbAQLP

exports[`Footer should display Footer correctly 1`] = `
<DocumentFragment>
  .c0 {
  grid-area: footer;
  display: -webkit-box;
  display: -webkit-flex;
  display: -ms-flexbox;
  display: flex;
  -webkit-align-items: center;
  -webkit-box-align: center;
  -ms-flex-align: center;
  align-items: center;
  -webkit-box-pack: center;
  -webkit-justify-content: center;
  -ms-flex-pack: center;
  justify-content: center;
}

<footer
    class="c0"
  >
    This application was made for a challenge
  </footer>
</DocumentFragment>
`;
