// Jest Snapshot v1, https://goo.gl/fbAQLP

exports[`Header should display header correctly 1`] = `
<DocumentFragment>
  .c0 {
  grid-area: header;
  height: 180px;
  padding: 20px;
  font-size: 30px;
  font-weight: bold;
  margin-bottom: 20px;
  background-color: #0E1111;
  color: #eee;
  display: -webkit-box;
  display: -webkit-flex;
  display: -ms-flexbox;
  display: flex;
  -webkit-align-items: center;
  -webkit-box-align: center;
  -ms-flex-align: center;
  align-items: center;
  -webkit-box-pack: center;
  -webkit-justify-content: center;
  -ms-flex-pack: center;
  justify-content: center;
}

<header
    class="c0"
  >
    <div>
      header
    </div>
  </header>
</DocumentFragment>
`;
