// Jest Snapshot v1, https://goo.gl/fbAQLP

exports[`LocalProvider should render LocaleContextProvider correctly 1`] = `
<DocumentFragment>
  <div>
    hello
  </div>
</DocumentFragment>
`;
